// Jest Snapshot v1, https://goo.gl/fbAQLP

exports[`<Timeline /> should render the link 1`] = `
<a
  class="twitter-timeline"
  data-chrome="nofooter noborders transparent noheader"
  data-height="335"
  data-theme="dark"
  data-width="320"
  href="https://twitter.com/otoMDM?ref_src=twsrc%5Etfw"
>
  Tweets by otoMDM
</a>
`;
