// Jest Snapshot v1, https://goo.gl/fbAQLP

exports[`<Background /> should render the heading 1`] = `
<div
  class="fixed"
>
  <div
    class="h-screen w-screen"
  />
  <img
    alt="background"
    class="-z-50 select-none"
    data-nimg="fill"
    decoding="async"
    loading="lazy"
    sizes="100vw"
    src="/_next/image?url=%2Fblahblah&w=3840&q=100"
    srcset="/_next/image?url=%2Fblahblah&w=640&q=100 640w, /_next/image?url=%2Fblahblah&w=750&q=100 750w, /_next/image?url=%2Fblahblah&w=828&q=100 828w, /_next/image?url=%2Fblahblah&w=1080&q=100 1080w, /_next/image?url=%2Fblahblah&w=1200&q=100 1200w, /_next/image?url=%2Fblahblah&w=1920&q=100 1920w, /_next/image?url=%2Fblahblah&w=2048&q=100 2048w, /_next/image?url=%2Fblahblah&w=3840&q=100 3840w"
    style="position: absolute; height: 100%; width: 100%; left: 0px; top: 0px; right: 0px; bottom: 0px; object-fit: cover; color: transparent;"
  />
</div>
`;
